// Jest Snapshot v1, https://goo.gl/fbAQLP

exports[`App snapshot test 1`] = `
<View
  onLayout={[Function]}
  style={
    Object {
      "flex": 1,
    }
  }
>
  <View
    enabled={false}
    hitSlop={
      Object {
        "right": 50,
      }
    }
    maxDeltaY={20}
    minOffsetX={5}
    onGestureEvent={[Function]}
    onHandlerStateChange={[Function]}
  >
    <View
      style={
        Object {
          "backgroundColor": "#eee",
          "flex": 1,
          "flexDirection": "column-reverse",
          "overflow": "hidden",
        }
      }
    >
      <View
        style={
          Object {
            "flex": 1,
          }
        }
      >
        <View
          pointerEvents="auto"
          style={
            Object {
              "bottom": 0,
              "left": 0,
              "opacity": 1,
              "position": "absolute",
              "right": 0,
              "top": 0,
              "transform": Array [
                Object {
                  "translateX": 0,
                },
                Object {
                  "translateY": 0,
                },
              ],
            }
          }
        >
          <View
            accessibilityElementsHidden={false}
            style={
              Object {
                "backgroundColor": "#fff",
                "flex": 1,
              }
            }
          >
            <View
              onLayout={[Function]}
              style={
                Array [
                  Object {
                    "alignItems": "center",
                    "backgroundColor": "#fff",
                    "flex": 1,
                    "justifyContent": "center",
                  },
                  Object {
                    "paddingBottom": 0,
                  },
                ]
              }
            >
              <Text
                style={
                  Object {
                    "fontSize": 36,
                    "padding": 25,
                  }
                }
              >
                StudentVue
              </Text>
              <TextInput
                allowFontScaling={true}
                onChangeText={[Function]}
                placeholder="Username"
                style={
                  Array [
                    Object {
                      "borderColor": "#d6d7da",
                      "borderRadius": 4,
                      "borderWidth": 0.5,
                      "height": 50,
                      "margin": 2.5,
                      "width": "75%",
                    },
                    Object {
                      "textAlign": "center",
                    },
                  ]
                }
                underlineColorAndroid="transparent"
                value=""
              />
              <TextInput
                allowFontScaling={true}
                onChangeText={[Function]}
                placeholder="Password"
                secureTextEntry={true}
                style={
                  Array [
                    Object {
                      "borderColor": "#d6d7da",
                      "borderRadius": 4,
                      "borderWidth": 0.5,
                      "height": 50,
                      "margin": 2.5,
                      "width": "75%",
                    },
                    Object {
                      "textAlign": "center",
                    },
                  ]
                }
                underlineColorAndroid="transparent"
                value=""
              />
              <View
                accessible={true}
                isTVSelectable={true}
                onResponderGrant={[Function]}
                onResponderMove={[Function]}
                onResponderRelease={[Function]}
                onResponderTerminate={[Function]}
                onResponderTerminationRequest={[Function]}
                onStartShouldSetResponder={[Function]}
                style={
                  Array [
                    Object {
                      "borderColor": "#d6d7da",
                      "borderRadius": 4,
                      "borderWidth": 0.5,
                      "height": 50,
                      "margin": 2.5,
                      "width": "75%",
                    },
                    Object {
                      "backgroundColor": "#a42929",
                    },
                  ]
                }
              >
                <Text
                  style={
                    Array [
                      Object {
                        "textAlign": "center",
                      },
                      Object {
                        "paddingBottom": 15,
                        "paddingTop": 15,
                      },
                    ]
                  }
                >
                  Submit
                </Text>
              </View>
              <Text
                style={
                  Array [
                    Object {
                      "paddingBottom": 15,
                      "paddingTop": 15,
                    },
                    Object {
                      "color": "#ff0000",
                    },
                  ]
                }
              >
                
              </Text>
            </View>
          </View>
        </View>
      </View>
    </View>
  </View>
</View>
`;
